// Jest Snapshot v1, https://goo.gl/fbAQLP

exports[`Pruebas en GridItem Debe hacer match con el snapshot 1`] = `
<div>
  <div
    class="card"
  >
    <img
      alt="Sitama"
      src="https://one-punchh/saitma.jpg"
    />
    <p>
      Sitama
    </p>
  </div>
</div>
`;
